// Bun Snapshot v1, https://goo.gl/fbAQLP

exports[`Streaming Markdown Parser Code blocks inside of lists: optimistic-code-block-parsing-input-chunks 1`] = `
[
  "",
  "",
  "",
  "I",
  "nli",
  "ne co",
  "de: ",
  "",
  "[7m",
  " ",
  "inline",
  " ",
  "[27m",
  " ",
  "",
  "",
  "",
  "",
  
"
"
,
  "",
  "  • ",
  "Here",
  "'s a ",
  "Pytho",
  "n fun",
  "ction",
  " to g",
  "reet ",
  "someo",
  "ne:",
  
"

"
,
  "[2m",
  "",
  "",
  "",
  "",
  "",
  
"    def greet(name): 
[2m "
,
  "",
  "",
  "",
  "",
  "",
  
"       return f"Hello, {name}!" 
[2m "
,
  
"                                   
[2m "
,
  "",
  "",
  "",
  "",
  
"   print(greet("World")) 
[2m "
,
  "    ",
  "",
  "[22m",
  "",
  "",
  "",
  "",
  "",
  "",
  "",
  
"
"
,
  "",
  "  • ",
  "N",
  "ow, l",
  "et's ",
  "try a",
  " Java",
  "Scrip",
  "t exa",
  "mple:",
  
"

"
,
  "[2m",
  "",
  "",
  "",
  "",
  "",
  "",
  "",
  "",
  
"    function calculateArea(radius) { 
[2m "
,
  "",
  "",
  "",
  "",
  "",
  "",
  "",
  
"     return Math.PI * radius * radius; 
[2m "
,
  
"   } 
[2m "
,
  
"        
[2m "
,
  "",
  "",
  "",
  "",
  "",
  "",
  
"   console.log(calculateArea(5)); 
[2m "
,
  "    ",
  "",
  "[22m",
  "",
  "",
  "",
  "",
  "",
  "",
  "",
  
"
"
,
  "",
  "  • ",
  "Thi",
  "rd it",
  "e",
  "m",
]
`;
